// Jest Snapshot v1, https://goo.gl/fbAQLP

exports[`CustomCard.vue should have a custom title and match snapshot 1`] = `
<v-card data-test="v-card">
  <v-card-title data-test="card-title" class="d-flex justify-end">
    <v-btn data-testid="button-home" small="" depressed="" class="mr-10">
      <v-icon small="" class="mr-2">mdi-home</v-icon>Go home
    </v-btn>
    <div class="text-h6 font-weight-black mr-12">Exchanges: 0</div>
    <v-btn fab="" small="" depressed="" class="info">
      <v-icon>mdi-plus</v-icon>
    </v-btn>
  </v-card-title>
  <v-card-text>
    <v-data-table headers="[object Object],[object Object],[object Object]" items="" items-per-page="5" loading="true"></v-data-table>
  </v-card-text>
  <v-dialog width="500">
    <v-card>
      <v-card-title> Add exchange </v-card-title>
      <v-card-text>
        <v-form>
          <v-text-field label="Code" rules="v => !!v || &quot;Field required&quot;"></v-text-field>
          <v-text-field label="Description" rules="v => !!v || &quot;Field required&quot;"></v-text-field>
        </v-form>
      </v-card-text>
      <v-card-actions>
        <v-btn disabled="true" class="success">Send</v-btn>
        <v-btn class="error">Close</v-btn>
      </v-card-actions>
    </v-card>
  </v-dialog>
</v-card>
`;
